Edit Log for MSX 38770-K26-901-Original.bin created by TunerPro.
**************************************************************************
06/17/2021 14:15:54  Table:     Gear Rev Limiter รอบตัดน้ำมัน changed.
06/17/2021 14:16:07  Table:     RPM Breakpoints รอบเครื่อง changed.
06/17/2021 14:17:15  Table:     Fuel Gear N น้ำมันN changed.
06/17/2021 14:17:21  Table:     Fuel Gear 1-4 น้ำมัน 1-4 changed.
06/17/2021 14:24:08  Table:     Ignition ไฟ 1-4 changed.
06/17/2021 14:24:36  Table:     Ignition Rev Limiter รอบตัดไฟ changed.
07/07/2021 16:21:33  Table:     Ignition Rev Limiter รอบตัดไฟ changed.
07/07/2021 16:21:36  Table:     Gear Rev Limiter รอบตัดน้ำมัน changed.
07/07/2021 16:22:10  Table:     RPM Breakpoints รอบเครื่อง changed.
07/07/2021 16:22:35  Table:     RPM Breakpoints รอบเครื่อง changed.
07/07/2021 16:23:10  Table:     RPM Breakpoints รอบเครื่อง changed.
07/07/2021 16:24:58  Table:     Fuel Gear N น้ำมันN changed.
07/07/2021 16:25:13  Table:     Fuel Gear 1-4 น้ำมัน 1-4 changed.
07/07/2021 17:34:29  Table:     Gear Rev Limiter รอบตัดน้ำมัน changed.
07/07/2021 17:34:41  Table:     RPM Breakpoints รอบเครื่อง changed.
07/07/2021 17:36:24  Table:     RPM Breakpoints รอบเครื่อง changed.
07/07/2021 17:36:42  Table:     Gear Rev Limiter รอบตัดน้ำมัน changed.
07/07/2021 17:36:54  Table:     Ignition Rev Limiter รอบตัดไฟ changed.
07/07/2021 17:39:34  Table:     RPM Breakpoints รอบเครื่อง changed.
07/07/2021 17:41:32  Table:     Gear Rev Limiter รอบตัดน้ำมัน changed.
07/07/2021 17:41:59  Table:     Ignition Rev Limiter รอบตัดไฟ changed.
07/07/2021 18:12:24  Table:     Fuel Gear N น้ำมันN changed.
07/07/2021 18:12:49  Table:     Fuel Gear 1-4 น้ำมัน 1-4 changed.
