Edit Log for 38770-K73-T32-Original.bin created by TunerPro.
**************************************************************************
12/26/2020 18:52:49  Table:     RPM Breakpoints changed.
12/26/2020 18:57:12  Table:     TPS vs RPM changed.
12/26/2020 18:57:15  Table:     TPS vs RPM Fast-Idle changed.
12/26/2020 18:58:43  Table:     Ignition 1-6 changed.
12/26/2020 18:58:50  Table:     Ignition N changed.
12/26/2020 19:10:02  Table:     ตั้งรอบเครื่องรั่นๆเลยจร้าาาา changed.
12/26/2020 19:12:33  Table:     ตั้งค่าตารางรอบเครื่อง changed.
12/26/2020 19:14:04  Table:     RPM Breakpoints changed.
12/26/2020 19:14:35  Table:     Limiter changed.
12/26/2020 19:17:51  Table:     TPS vs RPM changed.
12/26/2020 19:17:54  Table:     TPS vs RPM Fast-Idle changed.
12/26/2020 19:21:13  Table:     Ignition N changed.
12/26/2020 19:21:16  Table:     Ignition 1-6 changed.
12/26/2020 19:21:58  Table:     RPM Breakpoints changed.
12/26/2020 19:22:23  Table:     Limiter changed.
12/26/2020 19:22:33  Table:     Limiter changed.
12/26/2020 19:28:24  Table:     RPM Breakpoints changed.
12/26/2020 19:35:35  Table:     Ignition N changed.
12/26/2020 19:35:37  Table:     Ignition 1-6 changed.
12/26/2020 19:44:17  Table:     TPS vs RPM changed.
12/26/2020 19:44:19  Table:     TPS vs RPM Fast-Idle changed.
12/26/2020 20:12:16  Table:     TPS Breakpoints changed.
12/26/2020 20:12:55  Table:     Limiter changed.
12/26/2020 20:13:24  Table:     Limiter changed.
12/27/2020 13:41:51  Table:     TPS Breakpoints changed.
12/27/2020 13:42:20  Table:     RPM Breakpoints changed.
12/27/2020 13:44:09  Table:     TPS vs RPM Fast-Idle changed.
12/27/2020 13:44:22  Table:     TPS vs RPM changed.
12/27/2020 13:47:19  Table:     Ignition 1-6 changed.
12/27/2020 13:47:28  Table:     Ignition N changed.
12/27/2020 13:47:59  Table:     Limiter changed.
01/03/2021 01:33:54  Table:     ตั้งค่าตารางรอบเครื่อง changed.
01/03/2021 01:34:08  Table:     ตั้งรอบเครื่องรั่นๆเลยจร้าาาา changed.
01/03/2021 01:38:03  Table:     จูนนํ้ามันเกียร์ หนึ่งถึงสี่ changed.
01/03/2021 01:38:19  Table:     จูนนํ้ามันเกียร์ว่าง changed.
01/03/2021 01:39:45  Table:     จูนองศาไฟ1-4 changed.
01/03/2021 01:39:56  Table:     จูนองศาไฟเกียร์ว่าง changed.
01/03/2021 05:03:11  Table:     จูนนํ้ามันเกียร์ หนึ่งถึงสี่ changed.
01/03/2021 05:03:27  Table:     จูนนํ้ามันเกียร์ว่าง changed.
01/03/2021 05:05:25  Table:     จูนองศาไฟเกียร์ว่าง changed.
01/03/2021 05:05:26  Table:     จูนองศาไฟ1-4 changed.
01/05/2021 00:52:12  Table:     Ignition 1-6 changed.
01/05/2021 00:53:12  Table:     TPS vs RPM changed.
01/05/2021 00:53:25  Table:     TPS vs RPM Fast-Idle changed.
01/05/2021 00:53:37  Table:     Limiter changed.
01/05/2021 00:54:34  Table:     RPM Breakpoints changed.
01/05/2021 00:55:44  Table:     TPS Breakpoints changed.
01/06/2021 22:48:15  Table:     Limiter changed.
01/06/2021 22:49:36  Table:     RPM Breakpoints changed.
01/06/2021 22:50:56  Table:     Ignition 1-6 changed.
01/06/2021 22:51:38  Table:     TPS vs RPM Fast-Idle changed.
01/06/2021 22:51:48  Table:     TPS vs RPM changed.
01/09/2021 13:06:25  Table:     จูนนํ้ามันเกียร์ หนึ่งถึงสี่ changed.
01/09/2021 13:06:26  Table:     จูนนํ้ามันเกียร์ว่าง changed.
01/09/2021 13:06:53  Table:     จูนองศาไฟ1-4 changed.
