Edit Log for 38770-K03-H01-Original.bin created by TunerPro.
**************************************************************************
02/06/2021 04:38:45  Table:     Fuel Rev Limiter changed.
02/06/2021 04:40:31  Table:     Fuel Calcurated Load Map changed.
02/06/2021 04:40:42  Table:     Fuel Base Map changed.
02/06/2021 04:47:26  Table:     Fuel Rev Limiter changed.
02/06/2021 04:48:18  Table:     Fuel Calcurated Load Map changed.
02/06/2021 04:48:25  Table:     Fuel Base Map changed.
02/07/2021 21:17:27  Table:     Fuel Base Map changed.
02/07/2021 21:17:28  Table:     Fuel Calcurated Load Map changed.
02/07/2021 21:18:03  Table:     Ignition Map 1 changed.
02/07/2021 21:18:13  Table:     Fuel Rev Limiter changed.
02/07/2021 21:18:27  Flag:      LTFT Disable changed from Not Set to Set..
02/12/2021 00:47:37  Table:     Fuel Calcurated Load Map changed.
02/12/2021 00:48:24  Table:     Fuel Base Map changed.
02/12/2021 00:49:27  Table:     Ignition Map 1 changed.
02/12/2021 00:50:24  Table:     Ignition Map 2 changed.
02/12/2021 00:51:36  Table:     Fuel Rev Limiter changed.
02/12/2021 00:58:59  Table:     TPS Breakpoints changed.
02/12/2021 00:59:12  Table:     RPM Breakpoints changed.
